// Jest Snapshot v1, https://goo.gl/fbAQLP

exports[`Feature Post Card Test should render properly 1`] = `
<div>
  <div
    class="relative h-72"
  >
    <div
      class="absolute rounded-lg bg-center bg-no-repeat bg-cover shadow-md inline-block w-full h-72"
      style="background-image: url(https://media.graphcms.com/u2qqBfuQHOmGyYj5MQDx);"
    />
    <div
      class="absolute rounded-lg bg-center bg-gradient-to-b opacity-50 from-gray-400 via-gray-700 to-black w-full h-72"
    />
    <div
      class="flex flex-col rounded-lg p-4 items-center justify-center absolute w-full h-full"
    >
      <p
        class="text-white mb-4 text-shadow font-semibold text-xs"
      >
        <span>
          Nov 21, 2021
        </span>
      </p>
      <p
        class="text-white mb-4 text-shadow font-semibold text-2xl text-center"
      >
        Next JS - TS GraphQL Blog
      </p>
      <div
        class="flex items-center absolute bottom-5 w-full justify-center"
      >
        <span
          style="box-sizing: border-box; display: inline-block; overflow: hidden; background: none; opacity: 1; border: 0px; margin: 0px; padding: 0px; position: relative; max-width: 100%;"
        >
          <span
            style="box-sizing: border-box; display: block; background: none; opacity: 1; border: 0px; margin: 0px; padding: 0px; max-width: 100%;"
          >
            <img
              alt=""
              aria-hidden="true"
              src="data:image/svg+xml;base64,PHN2ZyB3aWR0aD0iMzAiIGhlaWdodD0iMzAiIHhtbG5zPSJodHRwOi8vd3d3LnczLm9yZy8yMDAwL3N2ZyIgdmVyc2lvbj0iMS4xIi8+"
              style="display: block; max-width: 100%; background: none; opacity: 1; border: 0px; margin: 0px; padding: 0px;"
            />
          </span>
          <img
            alt="Teofanis"
            class="align-middle drop-shadow-lg rounded-full"
            data-nimg="intrinsic"
            decoding="async"
            src="data:image/gif;base64,R0lGODlhAQABAIAAAAAAAP///yH5BAEAAAAALAAAAAABAAEAAAIBRAA7"
            style="position: absolute; top: 0px; left: 0px; bottom: 0px; right: 0px; box-sizing: border-box; padding: 0px; margin: auto; display: block; width: 0px; height: 0px; min-width: 100%; max-width: 100%; min-height: 100%; max-height: 100%;"
          />
          <noscript />
        </span>
        <p
          class="inline align-middle text-white text-shadow ml-2 font-medium"
        >
          Teofanis
        </p>
      </div>
    </div>
    <span
      class="cursor-pointer absolute w-full h-full"
      href="/post/next-ts-graph-blog"
    />
  </div>
</div>
`;
